=== Run at Fri Mar 13 11:00:02 CAT 2026 ===
[dev b853b22] Tiny but mighty README change
 1 file changed, 1 insertion(+)
To github.com:Gervais-NIYONSHUTI/Spiral-sounds.git
   75a99eb..b853b22  dev -> dev
=== Run at Fri Mar 13 15:07:26 CAT 2026 ===
[dev e9ce626] Tiny but mighty README change
 1 file changed, 1 insertion(+)
To github.com:Gervais-NIYONSHUTI/Spiral-sounds.git
   b853b22..e9ce626  dev -> dev
=== Run at Sun Mar 15 11:08:08 CAT 2026 ===
[dev 0345b9e] Routine update with a twist
 1 file changed, 1 insertion(+)
To github.com:Gervais-NIYONSHUTI/Spiral-sounds.git
   e9ce626..0345b9e  dev -> dev
=== Run at Sun Mar 15 16:21:24 CAT 2026 ===
[dev 9cf6b24] Improve README with fresh ideas
 1 file changed, 1 insertion(+)
To github.com:Gervais-NIYONSHUTI/Spiral-sounds.git
   0345b9e..9cf6b24  dev -> dev
=== Run at Mon Mar 16 12:36:21 CAT 2026 ===
[dev 32490ea] Another step in the journey
 1 file changed, 1 insertion(+)
To github.com:Gervais-NIYONSHUTI/Spiral-sounds.git
   9cf6b24..32490ea  dev -> dev
